// Jest Snapshot v1, https://goo.gl/fbAQLP

exports[`Registration Form Tests snapshot test should match snapshot 1`] = `
<form
  className="css-1h619rn"
  onSubmit={[Function]}
>
  <div
    className="css-1qci0n7"
  >
    <label
      className="css-teqmh5"
      htmlFor="store-name"
    />
    <input
      className="css-bsvvfw"
      data-testid="store-name"
      id="store-name"
      name="storeName"
      onBlur={[Function]}
      onChange={[Function]}
      placeholder="Store Name"
      type="text"
      value=""
    />
  </div>
  <div
    className="css-1qci0n7"
  >
    <label
      htmlFor="industry"
    />
    <select
      className="css-10l0zdv"
      data-testid="industry"
      id="industry"
      name="industry"
      onBlur={[Function]}
      onChange={[Function]}
      placeholder="Industry"
      value=""
    >
      <option
        disabled={true}
        selected={true}
        value=""
      >
        Industry
      </option>
      <option
        value="health"
      >
        Health
      </option>
      <option
        value="oil"
      >
        Oil
      </option>
      <option
        value="ai"
      >
        Artificial Intelligence
      </option>
    </select>
  </div>
  <div
    className="css-1qci0n7"
  >
    <input
      className="css-wcq7w9"
      data-testid="is-registered"
      id="is-registered"
      name="isRegistered"
      onBlur={[Function]}
      onChange={[Function]}
      type="checkbox"
    />
    <label
      className="css-1qwhpv3"
      htmlFor="is-registered"
    >
      This store is registered business
    </label>
  </div>
  <div
    className="css-1qci0n7"
  >
    <label
      className="css-teqmh5"
      htmlFor="legal-name"
    />
    <input
      className="css-bsvvfw"
      data-testid="legal-name"
      id="legal-name"
      name="legalName"
      onBlur={[Function]}
      onChange={[Function]}
      placeholder="Company Legal Name"
      type="text"
      value=""
    />
  </div>
  <div
    className="css-1qci0n7"
  >
    <label
      className="css-teqmh5"
      htmlFor="vat-number"
    />
    <input
      className="css-bsvvfw"
      data-testid="vat-number"
      id="vat-number"
      name="vatNumber"
      onBlur={[Function]}
      onChange={[Function]}
      placeholder="VAT EU Number"
      type="text"
      value=""
    />
  </div>
  <div
    className="css-1qci0n7"
  >
    <label
      className="css-teqmh5"
      htmlFor="address"
    />
    <input
      className="css-bsvvfw"
      data-testid="address"
      id="address"
      name="address"
      onBlur={[Function]}
      onChange={[Function]}
      placeholder="Address"
      type="text"
      value=""
    />
  </div>
  <div
    className="css-1666a7r"
    width="30%"
  >
    <label
      className="css-teqmh5"
      htmlFor="zip-code"
    />
    <input
      className="css-bsvvfw"
      data-testid="zip-code"
      id="zip-code"
      name="zipCode"
      onBlur={[Function]}
      onChange={[Function]}
      placeholder="ZIP Code"
      type="text"
      value=""
    />
  </div>
  <div
    className="css-ck8uiq"
    width="60%"
  >
    <label
      className="css-teqmh5"
      htmlFor="city"
    />
    <input
      className="css-bsvvfw"
      data-testid="city"
      id="city"
      name="city"
      onBlur={[Function]}
      onChange={[Function]}
      placeholder="City"
      type="text"
      value=""
    />
  </div>
  <div
    className="css-1qci0n7"
  >
    <label
      htmlFor="country"
    />
    <select
      className="css-10l0zdv"
      data-testid="country"
      id="country"
      name="country"
      onBlur={[Function]}
      onChange={[Function]}
      placeholder="Country"
      value=""
    >
      <option
        disabled={true}
        selected={true}
        value=""
      >
        Country
      </option>
      <option
        value="ukraine"
      >
        Ukraine
      </option>
      <option
        value="poland"
      >
        Poland
      </option>
      <option
        value="slovakia"
      >
        Slovakia
      </option>
    </select>
  </div>
  <div
    className="css-1fzj550"
  >
    <a
      className="css-v28um5"
    >
      Go Back
    </a>
    <button
      className="css-5qt4gn"
      data-testid="submit-button"
      type="submit"
    >
      Save and continue
    </button>
  </div>
</form>
`;
